// Jest Snapshot v1, https://goo.gl/fbAQLP

exports[`<UserProperties /> User Properties is rendered with the required props 1`] = `
ShallowWrapper {
  "complexSelector": ComplexSelector {
    "buildPredicate": [Function],
    "childrenOfNode": [Function],
    "findWhereUnwrapped": [Function],
  },
  "length": 1,
  "node": <ul
    className="space-list-items"
  >
    <li>
      <b>
        Followers:
      </b>
       
      10
    </li>
    <li>
      <b>
        Following:
      </b>
       
      5
    </li>
    <li>
      <b>
        Public Repos:
      </b>
       
      3
    </li>
  </ul>,
  "nodes": Array [
    <ul
      className="space-list-items"
    >
      <li>
        <b>
          Followers:
        </b>
         
        10
      </li>
      <li>
        <b>
          Following:
        </b>
         
        5
      </li>
      <li>
        <b>
          Public Repos:
        </b>
         
        3
      </li>
    </ul>,
  ],
  "options": Object {},
  "renderer": ReactShallowRenderer {
    "_instance": ShallowComponentWrapper {
      "_calledComponentWillUnmount": false,
      "_compositeType": 2,
      "_context": Object {},
      "_currentElement": <UserProperties
        profile={
          Object {
            "avatar_url": "https://example.com/username.jpg",
            "followers": 10,
            "following": 5,
            "login": "username",
            "public_repos": 3,
          }
        }
      />,
      "_debugID": 1,
      "_hostContainerInfo": null,
      "_hostParent": null,
      "_instance": StatelessComponent {
        "_reactInternalInstance": [Circular],
        "context": Object {},
        "props": Object {
          "profile": Object {
            "avatar_url": "https://example.com/username.jpg",
            "followers": 10,
            "following": 5,
            "login": "username",
            "public_repos": 3,
          },
        },
        "refs": Object {},
        "state": null,
        "updater": Object {
          "enqueueCallback": [Function],
          "enqueueCallbackInternal": [Function],
          "enqueueElementInternal": [Function],
          "enqueueForceUpdate": [Function],
          "enqueueReplaceState": [Function],
          "enqueueSetState": [Function],
          "isMounted": [Function],
          "validateCallback": [Function],
        },
      },
      "_mountOrder": 1,
      "_pendingCallbacks": null,
      "_pendingElement": null,
      "_pendingForceUpdate": false,
      "_pendingReplaceState": false,
      "_pendingStateQueue": null,
      "_renderedComponent": NoopInternalComponent {
        "_currentElement": <ul
          className="space-list-items"
        >
          <li>
            <b>
              Followers:
            </b>
             
            10
          </li>
          <li>
            <b>
              Following:
            </b>
             
            5
          </li>
          <li>
            <b>
              Public Repos:
            </b>
             
            3
          </li>
        </ul>,
        "_debugID": 2,
        "_renderedOutput": <ul
          className="space-list-items"
        >
          <li>
            <b>
              Followers:
            </b>
             
            10
          </li>
          <li>
            <b>
              Following:
            </b>
             
            5
          </li>
          <li>
            <b>
              Public Repos:
            </b>
             
            3
          </li>
        </ul>,
      },
      "_renderedNodeType": 0,
      "_rootNodeID": 0,
      "_topLevelWrapper": null,
      "_updateBatchNumber": null,
      "_warnedAboutRefsInRender": false,
    },
    "getRenderOutput": [Function],
    "render": [Function],
  },
  "root": [Circular],
  "unrendered": <UserProperties
    profile={
      Object {
        "avatar_url": "https://example.com/username.jpg",
        "followers": 10,
        "following": 5,
        "login": "username",
        "public_repos": 3,
      }
    }
  />,
}
`;
